// Jest Snapshot v1, https://goo.gl/fbAQLP

exports[`<Radio /> Should render and match the snapshot 1`] = `
<div
  class="Radio__Container-sc-1rnfhb6-0 djXuUF"
>
  <p>
    Loading...
  </p>
</div>
`;
