// Jest Snapshot v1, https://goo.gl/fbAQLP

exports[`<Resume /> Should render and match the snapshot 1`] = `
<div>
  <h1>
    My Resume
  </h1>
  <a
    href="https://drive.google.com/file/d/1wZxKA1I1gF5xgExKVLuoM8_FpWyKPtHy/view?usp=sharing"
  >
    Resume
  </a>
</div>
`;
