// Jest Snapshot v1, https://goo.gl/fbAQLP

exports[`<Links /> Should render and match the snapshot 1`] = `
<div>
  <h1>
    Links
  </h1>
  <ul
    class="links"
  >
    <li>
      <a
        href="https://www.linkedin.com/in/evan-ristow-1a2477102/"
      >
        LinkedIn
      </a>
    </li>
  </ul>
</div>
`;
