// Jest Snapshot v1, https://goo.gl/fbAQLP

exports[`<Stocks /> Should render and match the snapshot 1`] = `
<h1>
  Stock Calculator
</h1>
`;
